// Jest Snapshot v1, https://goo.gl/fbAQLP

exports[`Card Ad Channel Snapshot Test 1`] = `
<div
  className="card-container"
>
  <div
    className="agency-photo-container"
  >
    <div
      className="agency-photo"
    >
      <i
        className="agency-icon fas fa-store-alt"
      />
      <img
        src={
          Object {
            "process": [Function],
          }
        }
      />
    </div>
  </div>
  <div
    className="agency-data-container"
  >
    <div
      className="row"
    >
      <label>
        Agency ID:
      </label>
      <label />
    </div>
    <div
      className="row"
    >
      <label>
        Name:
      </label>
      <label />
    </div>
    <div
      className="row"
    >
      <label>
        Address:
      </label>
      <label />
    </div>
    <div
      className="row"
    >
      <label>
        Contact name:
      </label>
      <label />
    </div>
    <div
      className="row"
    >
      <label>
        Contact phone:
      </label>
      <label />
    </div>
    <div
      className="row"
    >
      <label>
        Contact email:
      </label>
      <label />
    </div>
    <div
      className="status-row"
    >
      <div
        className="status"
      >
        <label>
          Active:
        </label>
        <input
          type="checkbox"
        />
      </div>
      <div
        className="select-container "
        onClick={[Function]}
        onMouseLeave={[Function]}
      >
        <button
          className="select-btn"
        >
          Agency Type
          <div
            className="select-icon-container "
          >
            <i
              className="fas fa-angle-right"
            />
          </div>
        </button>
        <div
          className="list-container "
        >
          <label
            className=""
          >
            Demo
          </label>
          <label
            className=""
          >
            Advertiser
          </label>
          <label
            className=""
          >
            Marketer
          </label>
        </div>
      </div>
    </div>
    <div
      className="agency-selects"
    >
      <div
        className="select-container "
        onClick={[Function]}
        onMouseLeave={[Function]}
      >
        <button
          className="select-btn"
        >
          Clients
          <div
            className="select-icon-container "
          >
            <i
              className="fas fa-angle-right"
            />
          </div>
        </button>
        <div
          className="list-container "
        >
          <label
            className=""
          >
            STLUC
          </label>
          <label
            className=""
          >
            COBAY
          </label>
        </div>
      </div>
      <div
        className="select-container "
        onClick={[Function]}
        onMouseLeave={[Function]}
      >
        <button
          className="select-btn"
        >
          Users
          <div
            className="select-icon-container "
          >
            <i
              className="fas fa-angle-right"
            />
          </div>
        </button>
        <div
          className="list-container "
        >
          <label
            className=""
          >
            lmarinvera@mediagistic.com
          </label>
          <label
            className=""
          >
            ray@mediagistic.com
          </label>
        </div>
      </div>
    </div>
    <div
      className="blue-btn-container"
    >
      <button
        className="blue-btn"
      />
    </div>
  </div>
</div>
`;
