// Jest Snapshot v1, https://goo.gl/fbAQLP

exports[`Create New Card Snapshot Test 1`] = `
<div
  className="create-new-card-box"
  style={
    Object {
      "marginTop": "20px",
    }
  }
>
  <h2 />
  <img
    src={
      Object {
        "process": [Function],
      }
    }
  />
  <button
    style={
      Object {
        "marginTop": "20px",
      }
    }
  >
    Create a new 
  </button>
</div>
`;
